  cAnd_3_15 -> 3 (6ms)
  [written] gen2/cAnd_3_15.cell
  !! cAnd_8_11: NEW CLASS (all 19 eliminated) (109607ms)
  [written] gen2/cAnd_8_11.cell
  !! cAnd_10_13: NEW CLASS (all 19 eliminated) (111753ms)
  [written] gen2/cAnd_10_13.cell
  ?? cAnd_12_14: OPEN [12] (142655ms)
  [written] gen2/cAnd_12_14.cell
  ?? cOr_2_15: OPEN [15] (167276ms)
  [written] gen2/cOr_2_15.cell
  ?? cOr_5_14: OPEN [14] (107298ms)
  [written] gen2/cOr_5_14.cell
  !! cOr_7_15: NEW CLASS (all 19 eliminated) (113652ms)
  [written] gen2/cOr_7_15.cell
  ?? cOr_8_15: OPEN [8] (81456ms)
  [written] gen2/cOr_8_15.cell
  cOr_10_15 -> 10 (30566ms)
  [written] gen2/cOr_10_15.cell
  !! cOr_12_15: NEW CLASS (all 19 eliminated) (44645ms)
  [written] gen2/cOr_12_15.cell
  ?? cImp_5_15: OPEN [8] (73991ms)
  [written] gen2/cImp_5_15.cell
  ?? cImp_8_10: OPEN [10] (86751ms)
  [written] gen2/cImp_8_10.cell
  !! cImp_10_4: NEW CLASS (all 19 eliminated) (156167ms)
  [written] gen2/cImp_10_4.cell
  ?? cImp_10_15: OPEN [8] (301155ms)
  [written] gen2/cImp_10_15.cell
  ?? cImp_11_14: OPEN [14] (409555ms)
  [written] gen2/cImp_11_14.cell
  ?? cImp_12_15: OPEN [15] (643765ms)
  [written] gen2/cImp_12_15.cell
  ?? cImp_13_15: OPEN [15] (614078ms)
  [written] gen2/cImp_13_15.cell
  !! cImp_14_12: NEW CLASS (all 19 eliminated) (10185ms)
  [written] gen2/cImp_14_12.cell
  !! cImp_15_5: NEW CLASS (all 19 eliminated) (16974ms)
  [written] gen2/cImp_15_5.cell
  !! cImp_15_12: NEW CLASS (all 19 eliminated) (19251ms)
  [written] gen2/cImp_15_12.cell
